<!DOCTYPE html>
<html lang="en">
  <head>
    <meta charset="utf-8" />
    <title>Template</title>
  </head>
  <body>
    <h1>Test 2 (source of truth)</h1>
  </body>
</html>
