<!DOCTYPE html>
<html lang="en">
  <head>
    <meta charset="utf-8" />
    <title>Template</title>
  </head>
  <body>
    <h1>Test3</h1>
  </body>
</html>
