{
  "another": "test",
  "name": "source-of-truth"
}