{
  "metadata": [
    {
      "type": "text",
      "name": "Example text",
      "text": "expected text metadata"
    },
    {
      "type": "link",
      "name": "Example link",
      "description": "it even has a description",
      "url": "https://google.com"
    }
  ]
}