{
  "another": "changed",
  "name": "test2",
  "source-of-truth": true
}